./gradlew : 
At line:1 char:1
+ ./gradlew 
compileDebugKotlin > 
build_error.log 2>&1
+ ~~~~~~~~~~~~~~~~~~~~~
~~~~~~~~~~~~~~~~~~~~~~~
~~~~~~~
    + CategoryInfo     
         : NotSpecifi  
  ed: (:String) [],    
 RemoteException
    + FullyQualifiedEr 
   rorId : NativeComm  
  andError
 
FAILURE: Build failed 
with an exception.

* Where:
Build file 'C:\Users\Ad
min\AndroidStudioProjec
ts\AutoNextTool\app\bui
ld.gradle.kts' line: 1

* What went wrong:
An exception occurred 
applying plugin 
request [id: 'com.andro
id.application', 
version: '8.8.0']
> Failed to apply 
plugin 'com.android.int
ernal.application'.
   > Android Gradle 
plugin requires Java 
17 to run. You are 
currently using Java 
11.
      Your current JDK 
is located in 
C:\Program 
Files\Java\jdk-11.0.8
      You can try some 
of the following 
options:
       - changing the 
IDE settings.
       - changing the 
JAVA_HOME environment 
variable.
       - changing 
`org.gradle.java.home` 
in `gradle.properties`.

* Try:
> Run with 
--stacktrace option to 
get the stack trace.
> Run with --info or 
--debug option to get 
more log output.
> Run with --scan to 
get full insights.
> Get more help at http
s://help.gradle.org.

BUILD FAILED in 3s

Deprecated Gradle features were used in this build, making it incompatible with Gradle 9.0.

You can use '--warning-mode all' to show the individual deprecation warnings and determine if they come from your own scripts or plugins.

For more on this, please refer to https://docs.gradle.org/8.10.2/userguide/command_line_interface.html#sec:command_line_warnings in the Gradle documentation.
